---
source: tests/http_requests.rs
expression: traces_batch_tokio
---
POST /v2/track HTTP/1.1
host: dc.services.visualstudio.com
content-type: application/json
content-encoding: gzip

[
  {
    "data": {
      "baseData": {
        "metrics": [
          {
            "name": "_OTELRESOURCE_",
            "value": 1.0
          }
        ],
        "properties": {
          "service.name": "unknown_service",
          "telemetry.sdk.language": "rust",
          "telemetry.sdk.name": "opentelemetry",
          "telemetry.sdk.version": "STRIPPED"
        },
        "ver": 2
      },
      "baseType": "MetricData"
    },
    "iKey": "0fdcec70-0ce5-4085-89d9-9ae8ead9af66",
    "name": "Microsoft.ApplicationInsights.Metric",
    "tags": {
      "ai.cloud.role": "unknown_service",
      "ai.internal.sdkVersion": "STRIPPED"
    },
    "time": "STRIPPED"
  },
  {
    "data": {
      "baseData": {
        "duration": "STRIPPED",
        "id": "STRIPPED",
        "name": "tokio",
        "properties": {
          "service.name": "unknown_service",
          "telemetry.sdk.language": "rust",
          "telemetry.sdk.name": "opentelemetry",
          "telemetry.sdk.version": "STRIPPED"
        },
        "resultCode": "0",
        "type": "InProc",
        "ver": 2
      },
      "baseType": "RemoteDependencyData"
    },
    "iKey": "0fdcec70-0ce5-4085-89d9-9ae8ead9af66",
    "name": "Microsoft.ApplicationInsights.RemoteDependency",
    "sampleRate": 100.0,
    "tags": {
      "ai.cloud.role": "unknown_service",
      "ai.internal.sdkVersion": "STRIPPED",
      "ai.operation.id": "STRIPPED"
    },
    "time": "STRIPPED"
  }
]
